The following packages should be updated for best compatibility with the installed expo version:
  expo@54.0.33 - expected version: ~54.0.35
  expo-font@14.0.11 - expected version: ~14.0.12
  expo-linking@8.0.11 - expected version: ~8.0.12
  expo-router@6.0.23 - expected version: ~6.0.24
  expo-web-browser@15.0.10 - expected version: ~15.0.11
Your project may not work correctly until you install the expected versions of the packages.
λ  WARN  props.pointerEvents is deprecated. Use style.pointerEvents 
  console.warn (C:\Users\ADMIN\Desktop\chess_game_application-main\frontend\node_modules\@expo\cli\src\start\server\serverLogLikeMetro.ts:161:21)
  warnOnce (C:\Users\ADMIN\Desktop\chess_game_application-main\frontend\node_modules\react-native-web\dist\modules\warnOnce\index.js:24:13)
  createDOMProps (C:\Users\ADMIN\Desktop\chess_game_application-main\frontend\node_modules\react-native-web\dist\modules\createDOMProps\index.js:805:13)
  createElement (C:\Users\ADMIN\Desktop\chess_game_application-main\frontend\node_modules\react-native-web\dist\exports\createElement\index.js:23:32)
  Component (C:\Users\ADMIN\Desktop\chess_game_application-main\frontend\node_modules\react-native-web\dist\exports\View\index.js:111:23)
  Object.callComponentInDEV [as react-stack-bottom-frame] (C:\Users\ADMIN\Desktop\chess_game_application-main\frontend\node_modules\react-dom\cjs\react-dom-server-legacy.node.development.js:8970:18)
  renderWithHooks (C:\Users\ADMIN\Desktop\chess_game_application-main\frontend\node_modules\react-dom\cjs\react-dom-server-legacy.node.development.js:4699:19)
  run (C:\Users\ADMIN\Desktop\chess_game_application-main\frontend\node_modules\react-dom\cjs\react-dom-server-legacy.node.development.js:5539:39)
  retryNode (C:\Users\ADMIN\Desktop\chess_game_application-main\frontend\node_modules\react-dom\cjs\react-dom-server-legacy.node.development.js:5899:31)
  renderNodeDestructive (C:\Users\ADMIN\Desktop\chess_game_application-main\frontend\node_modules\react-dom\cjs\react-dom-server-legacy.node.development.js:5849:11)
Error: Cannot pipe to a closed or destroyed stream
    at pipelineImpl (node:internal/streams/pipeline:264:15)
    at node:stream/promises:31:5
    at new Promise (<anonymous>)
    at pipeline (node:stream/promises:20:10)
    at respond (C:\Users\ADMIN\Desktop\chess_game_application-main\frontend\node_modules\expo-server\src\vendor\http.ts:138:19)
    at C:\Users\ADMIN\Desktop\chess_game_application-main\frontend\node_modules\expo-server\src\vendor\http.ts:68:13
    at processTicksAndRejections (node:internal/process/task_queues:104:5)
λ  WARN  props.pointerEvents is deprecated. Use style.pointerEvents 
  console.warn (C:\Users\ADMIN\Desktop\chess_game_application-main\frontend\node_modules\@expo\cli\src\start\server\serverLogLikeMetro.ts:161:21)
  warnOnce (C:\Users\ADMIN\Desktop\chess_game_application-main\frontend\node_modules\react-native-web\dist\modules\warnOnce\index.js:24:13)
  createDOMProps (C:\Users\ADMIN\Desktop\chess_game_application-main\frontend\node_modules\react-native-web\dist\modules\createDOMProps\index.js:805:13)
  createElement (C:\Users\ADMIN\Desktop\chess_game_application-main\frontend\node_modules\react-native-web\dist\exports\createElement\index.js:23:32)
  Component (C:\Users\ADMIN\Desktop\chess_game_application-main\frontend\node_modules\react-native-web\dist\exports\View\index.js:111:23)
  Object.callComponentInDEV [as react-stack-bottom-frame] (C:\Users\ADMIN\Desktop\chess_game_application-main\frontend\node_modules\react-dom\cjs\react-dom-server-legacy.node.development.js:8970:18)
  renderWithHooks (C:\Users\ADMIN\Desktop\chess_game_application-main\frontend\node_modules\react-dom\cjs\react-dom-server-legacy.node.development.js:4699:19)
  run (C:\Users\ADMIN\Desktop\chess_game_application-main\frontend\node_modules\react-dom\cjs\react-dom-server-legacy.node.development.js:5539:39)
  retryNode (C:\Users\ADMIN\Desktop\chess_game_application-main\frontend\node_modules\react-dom\cjs\react-dom-server-legacy.node.development.js:5899:31)
  renderNodeDestructive (C:\Users\ADMIN\Desktop\chess_game_application-main\frontend\node_modules\react-dom\cjs\react-dom-server-legacy.node.development.js:5849:11)
